// Jest Snapshot v1, https://goo.gl/fbAQLP

exports[`Defined Value checks to make sure the deprecated method, getDefinedValueByIdentifier, is still supported 1`] = `Promise {}`;

exports[`Defined Value gets a defined value from a custom id 1`] = `null`;

exports[`Defined Value gets a defined value from a valid guid 1`] = `Promise {}`;

exports[`Defined Value gets a defined value from a valid integer id 1`] = `Promise {}`;
